// Jest Snapshot v1, https://goo.gl/fbAQLP

exports[`Desk check desk 1`] = `
[
  Card {
    "id": "♠️_10",
    "isOpen": false,
    "suit": "♠️",
    "type": "10",
  },
  Card {
    "id": "♣️_K",
    "isOpen": false,
    "suit": "♣️",
    "type": "K",
  },
  Card {
    "id": "♥️_10",
    "isOpen": false,
    "suit": "♥️",
    "type": "10",
  },
  Card {
    "id": "♦️_K",
    "isOpen": false,
    "suit": "♦️",
    "type": "K",
  },
  Card {
    "id": "♦️_10",
    "isOpen": false,
    "suit": "♦️",
    "type": "10",
  },
  Card {
    "id": "♥️_K",
    "isOpen": false,
    "suit": "♥️",
    "type": "K",
  },
  Card {
    "id": "♣️_10",
    "isOpen": false,
    "suit": "♣️",
    "type": "10",
  },
  Card {
    "id": "♠️_K",
    "isOpen": false,
    "suit": "♠️",
    "type": "K",
  },
  Card {
    "id": "♠️_9",
    "isOpen": false,
    "suit": "♠️",
    "type": "9",
  },
  Card {
    "id": "♣️_Q",
    "isOpen": false,
    "suit": "♣️",
    "type": "Q",
  },
  Card {
    "id": "♥️_9",
    "isOpen": false,
    "suit": "♥️",
    "type": "9",
  },
  Card {
    "id": "♦️_Q",
    "isOpen": false,
    "suit": "♦️",
    "type": "Q",
  },
  Card {
    "id": "♦️_9",
    "isOpen": false,
    "suit": "♦️",
    "type": "9",
  },
  Card {
    "id": "♥️_Q",
    "isOpen": false,
    "suit": "♥️",
    "type": "Q",
  },
  Card {
    "id": "♣️_9",
    "isOpen": false,
    "suit": "♣️",
    "type": "9",
  },
  Card {
    "id": "♠️_Q",
    "isOpen": false,
    "suit": "♠️",
    "type": "Q",
  },
  Card {
    "id": "♠️_8",
    "isOpen": false,
    "suit": "♠️",
    "type": "8",
  },
  Card {
    "id": "♣️_J",
    "isOpen": false,
    "suit": "♣️",
    "type": "J",
  },
  Card {
    "id": "♥️_8",
    "isOpen": false,
    "suit": "♥️",
    "type": "8",
  },
  Card {
    "id": "♦️_J",
    "isOpen": false,
    "suit": "♦️",
    "type": "J",
  },
  Card {
    "id": "♦️_8",
    "isOpen": false,
    "suit": "♦️",
    "type": "8",
  },
  Card {
    "id": "♥️_J",
    "isOpen": false,
    "suit": "♥️",
    "type": "J",
  },
  Card {
    "id": "♣️_8",
    "isOpen": false,
    "suit": "♣️",
    "type": "8",
  },
  Card {
    "id": "♠️_J",
    "isOpen": false,
    "suit": "♠️",
    "type": "J",
  },
  Card {
    "id": "♠️_7",
    "isOpen": false,
    "suit": "♠️",
    "type": "7",
  },
  Card {
    "id": "♣️_A",
    "isOpen": false,
    "suit": "♣️",
    "type": "A",
  },
  Card {
    "id": "♥️_7",
    "isOpen": false,
    "suit": "♥️",
    "type": "7",
  },
  Card {
    "id": "♦️_A",
    "isOpen": false,
    "suit": "♦️",
    "type": "A",
  },
  Card {
    "id": "♦️_7",
    "isOpen": false,
    "suit": "♦️",
    "type": "7",
  },
  Card {
    "id": "♥️_A",
    "isOpen": false,
    "suit": "♥️",
    "type": "A",
  },
  Card {
    "id": "♣️_7",
    "isOpen": false,
    "suit": "♣️",
    "type": "7",
  },
  Card {
    "id": "♠️_A",
    "isOpen": false,
    "suit": "♠️",
    "type": "A",
  },
  Card {
    "id": "♠️_6",
    "isOpen": false,
    "suit": "♠️",
    "type": "6",
  },
  Card {
    "id": "♣️_2",
    "isOpen": false,
    "suit": "♣️",
    "type": "2",
  },
  Card {
    "id": "♥️_6",
    "isOpen": false,
    "suit": "♥️",
    "type": "6",
  },
  Card {
    "id": "♦️_2",
    "isOpen": false,
    "suit": "♦️",
    "type": "2",
  },
  Card {
    "id": "♦️_6",
    "isOpen": false,
    "suit": "♦️",
    "type": "6",
  },
  Card {
    "id": "♥️_2",
    "isOpen": false,
    "suit": "♥️",
    "type": "2",
  },
  Card {
    "id": "♣️_6",
    "isOpen": false,
    "suit": "♣️",
    "type": "6",
  },
  Card {
    "id": "♠️_2",
    "isOpen": false,
    "suit": "♠️",
    "type": "2",
  },
  Card {
    "id": "♠️_5",
    "isOpen": false,
    "suit": "♠️",
    "type": "5",
  },
  Card {
    "id": "♣️_3",
    "isOpen": false,
    "suit": "♣️",
    "type": "3",
  },
  Card {
    "id": "♥️_5",
    "isOpen": false,
    "suit": "♥️",
    "type": "5",
  },
  Card {
    "id": "♦️_3",
    "isOpen": false,
    "suit": "♦️",
    "type": "3",
  },
  Card {
    "id": "♦️_5",
    "isOpen": false,
    "suit": "♦️",
    "type": "5",
  },
  Card {
    "id": "♥️_3",
    "isOpen": false,
    "suit": "♥️",
    "type": "3",
  },
  Card {
    "id": "♣️_5",
    "isOpen": false,
    "suit": "♣️",
    "type": "5",
  },
  Card {
    "id": "♠️_3",
    "isOpen": false,
    "suit": "♠️",
    "type": "3",
  },
  Card {
    "id": "♠️_4",
    "isOpen": false,
    "suit": "♠️",
    "type": "4",
  },
  Card {
    "id": "♣️_4",
    "isOpen": false,
    "suit": "♣️",
    "type": "4",
  },
  Card {
    "id": "♥️_4",
    "isOpen": false,
    "suit": "♥️",
    "type": "4",
  },
  Card {
    "id": "♦️_4",
    "isOpen": false,
    "suit": "♦️",
    "type": "4",
  },
]
`;
